[2025-12-27 14:07:47]	[info] incremental build: 98 source files changed
These source files will be recompiled
---
'c:\Users\nhan\OneDrive\1141\mos-renode-master\app\main.cpp': object (.o) file not exist
'c:\Users\nhan\OneDrive\1141\mos-renode-master\core\kernel\printf.c': object (.o) file not exist
'c:\Users\nhan\OneDrive\1141\mos-renode-master\vendor\Core\Src\stm32f4xx_hal_msp.c': object (.o) file not exist
'c:\Users\nhan\OneDrive\1141\mos-renode-master\vendor\Core\Src\stm32f4xx_it.c': object (.o) file not exist
'c:\Users\nhan\OneDrive\1141\mos-renode-master\vendor\Core\Src\system_stm32f4xx.c': object (.o) file not exist
'c:\Users\nhan\OneDrive\1141\mos-renode-master\vendor\Drivers\STM32F4xx_HAL_Driver\Src\Legacy\stm32f4xx_hal_can.c': object (.o) file not exist
'c:\Users\nhan\OneDrive\1141\mos-renode-master\vendor\Drivers\STM32F4xx_HAL_Driver\Src\Legacy\stm32f4xx_hal_eth.c': object (.o) file not exist
'c:\Users\nhan\OneDrive\1141\mos-renode-master\vendor\Drivers\STM32F4xx_HAL_Driver\Src\stm32f4xx_hal.c': object (.o) file not exist
'c:\Users\nhan\OneDrive\1141\mos-renode-master\vendor\Drivers\STM32F4xx_HAL_Driver\Src\stm32f4xx_hal_adc.c': object (.o) file not exist
'c:\Users\nhan\OneDrive\1141\mos-renode-master\vendor\Drivers\STM32F4xx_HAL_Driver\Src\stm32f4xx_hal_adc_ex.c': object (.o) file not exist
'c:\Users\nhan\OneDrive\1141\mos-renode-master\vendor\Drivers\STM32F4xx_HAL_Driver\Src\stm32f4xx_hal_can.c': object (.o) file not exist
'c:\Users\nhan\OneDrive\1141\mos-renode-master\vendor\Drivers\STM32F4xx_HAL_Driver\Src\stm32f4xx_hal_cec.c': object (.o) file not exist
'c:\Users\nhan\OneDrive\1141\mos-renode-master\vendor\Drivers\STM32F4xx_HAL_Driver\Src\stm32f4xx_hal_cortex.c': object (.o) file not exist
'c:\Users\nhan\OneDrive\1141\mos-renode-master\vendor\Drivers\STM32F4xx_HAL_Driver\Src\stm32f4xx_hal_crc.c': object (.o) file not exist
'c:\Users\nhan\OneDrive\1141\mos-renode-master\vendor\Drivers\STM32F4xx_HAL_Driver\Src\stm32f4xx_hal_cryp.c': object (.o) file not exist
'c:\Users\nhan\OneDrive\1141\mos-renode-master\vendor\Drivers\STM32F4xx_HAL_Driver\Src\stm32f4xx_hal_cryp_ex.c': object (.o) file not exist
'c:\Users\nhan\OneDrive\1141\mos-renode-master\vendor\Drivers\STM32F4xx_HAL_Driver\Src\stm32f4xx_hal_dac.c': object (.o) file not exist
'c:\Users\nhan\OneDrive\1141\mos-renode-master\vendor\Drivers\STM32F4xx_HAL_Driver\Src\stm32f4xx_hal_dac_ex.c': object (.o) file not exist
'c:\Users\nhan\OneDrive\1141\mos-renode-master\vendor\Drivers\STM32F4xx_HAL_Driver\Src\stm32f4xx_hal_dcmi.c': object (.o) file not exist
'c:\Users\nhan\OneDrive\1141\mos-renode-master\vendor\Drivers\STM32F4xx_HAL_Driver\Src\stm32f4xx_hal_dcmi_ex.c': object (.o) file not exist
'c:\Users\nhan\OneDrive\1141\mos-renode-master\vendor\Drivers\STM32F4xx_HAL_Driver\Src\stm32f4xx_hal_dfsdm.c': object (.o) file not exist
'c:\Users\nhan\OneDrive\1141\mos-renode-master\vendor\Drivers\STM32F4xx_HAL_Driver\Src\stm32f4xx_hal_dma.c': object (.o) file not exist
'c:\Users\nhan\OneDrive\1141\mos-renode-master\vendor\Drivers\STM32F4xx_HAL_Driver\Src\stm32f4xx_hal_dma2d.c': object (.o) file not exist
'c:\Users\nhan\OneDrive\1141\mos-renode-master\vendor\Drivers\STM32F4xx_HAL_Driver\Src\stm32f4xx_hal_dma_ex.c': object (.o) file not exist
'c:\Users\nhan\OneDrive\1141\mos-renode-master\vendor\Drivers\STM32F4xx_HAL_Driver\Src\stm32f4xx_hal_dsi.c': object (.o) file not exist
'c:\Users\nhan\OneDrive\1141\mos-renode-master\vendor\Drivers\STM32F4xx_HAL_Driver\Src\stm32f4xx_hal_eth.c': object (.o) file not exist
'c:\Users\nhan\OneDrive\1141\mos-renode-master\vendor\Drivers\STM32F4xx_HAL_Driver\Src\stm32f4xx_hal_exti.c': object (.o) file not exist
'c:\Users\nhan\OneDrive\1141\mos-renode-master\vendor\Drivers\STM32F4xx_HAL_Driver\Src\stm32f4xx_hal_flash.c': object (.o) file not exist
'c:\Users\nhan\OneDrive\1141\mos-renode-master\vendor\Drivers\STM32F4xx_HAL_Driver\Src\stm32f4xx_hal_flash_ex.c': object (.o) file not exist
'c:\Users\nhan\OneDrive\1141\mos-renode-master\vendor\Drivers\STM32F4xx_HAL_Driver\Src\stm32f4xx_hal_flash_ramfunc.c': object (.o) file not exist
'c:\Users\nhan\OneDrive\1141\mos-renode-master\vendor\Drivers\STM32F4xx_HAL_Driver\Src\stm32f4xx_hal_fmpi2c.c': object (.o) file not exist
'c:\Users\nhan\OneDrive\1141\mos-renode-master\vendor\Drivers\STM32F4xx_HAL_Driver\Src\stm32f4xx_hal_fmpi2c_ex.c': object (.o) file not exist
'c:\Users\nhan\OneDrive\1141\mos-renode-master\vendor\Drivers\STM32F4xx_HAL_Driver\Src\stm32f4xx_hal_fmpsmbus.c': object (.o) file not exist
'c:\Users\nhan\OneDrive\1141\mos-renode-master\vendor\Drivers\STM32F4xx_HAL_Driver\Src\stm32f4xx_hal_fmpsmbus_ex.c': object (.o) file not exist
'c:\Users\nhan\OneDrive\1141\mos-renode-master\vendor\Drivers\STM32F4xx_HAL_Driver\Src\stm32f4xx_hal_gpio.c': object (.o) file not exist
'c:\Users\nhan\OneDrive\1141\mos-renode-master\vendor\Drivers\STM32F4xx_HAL_Driver\Src\stm32f4xx_hal_hash.c': object (.o) file not exist
'c:\Users\nhan\OneDrive\1141\mos-renode-master\vendor\Drivers\STM32F4xx_HAL_Driver\Src\stm32f4xx_hal_hash_ex.c': object (.o) file not exist
'c:\Users\nhan\OneDrive\1141\mos-renode-master\vendor\Drivers\STM32F4xx_HAL_Driver\Src\stm32f4xx_hal_hcd.c': object (.o) file not exist
'c:\Users\nhan\OneDrive\1141\mos-renode-master\vendor\Drivers\STM32F4xx_HAL_Driver\Src\stm32f4xx_hal_i2c.c': object (.o) file not exist
'c:\Users\nhan\OneDrive\1141\mos-renode-master\vendor\Drivers\STM32F4xx_HAL_Driver\Src\stm32f4xx_hal_i2c_ex.c': object (.o) file not exist
'c:\Users\nhan\OneDrive\1141\mos-renode-master\vendor\Drivers\STM32F4xx_HAL_Driver\Src\stm32f4xx_hal_i2s.c': object (.o) file not exist
'c:\Users\nhan\OneDrive\1141\mos-renode-master\vendor\Drivers\STM32F4xx_HAL_Driver\Src\stm32f4xx_hal_i2s_ex.c': object (.o) file not exist
'c:\Users\nhan\OneDrive\1141\mos-renode-master\vendor\Drivers\STM32F4xx_HAL_Driver\Src\stm32f4xx_hal_irda.c': object (.o) file not exist
'c:\Users\nhan\OneDrive\1141\mos-renode-master\vendor\Drivers\STM32F4xx_HAL_Driver\Src\stm32f4xx_hal_iwdg.c': object (.o) file not exist
'c:\Users\nhan\OneDrive\1141\mos-renode-master\vendor\Drivers\STM32F4xx_HAL_Driver\Src\stm32f4xx_hal_lptim.c': object (.o) file not exist
'c:\Users\nhan\OneDrive\1141\mos-renode-master\vendor\Drivers\STM32F4xx_HAL_Driver\Src\stm32f4xx_hal_ltdc.c': object (.o) file not exist
'c:\Users\nhan\OneDrive\1141\mos-renode-master\vendor\Drivers\STM32F4xx_HAL_Driver\Src\stm32f4xx_hal_ltdc_ex.c': object (.o) file not exist
'c:\Users\nhan\OneDrive\1141\mos-renode-master\vendor\Drivers\STM32F4xx_HAL_Driver\Src\stm32f4xx_hal_mmc.c': object (.o) file not exist
'c:\Users\nhan\OneDrive\1141\mos-renode-master\vendor\Drivers\STM32F4xx_HAL_Driver\Src\stm32f4xx_hal_nand.c': object (.o) file not exist
'c:\Users\nhan\OneDrive\1141\mos-renode-master\vendor\Drivers\STM32F4xx_HAL_Driver\Src\stm32f4xx_hal_nor.c': object (.o) file not exist
'c:\Users\nhan\OneDrive\1141\mos-renode-master\vendor\Drivers\STM32F4xx_HAL_Driver\Src\stm32f4xx_hal_pccard.c': object (.o) file not exist
'c:\Users\nhan\OneDrive\1141\mos-renode-master\vendor\Drivers\STM32F4xx_HAL_Driver\Src\stm32f4xx_hal_pcd.c': object (.o) file not exist
'c:\Users\nhan\OneDrive\1141\mos-renode-master\vendor\Drivers\STM32F4xx_HAL_Driver\Src\stm32f4xx_hal_pcd_ex.c': object (.o) file not exist
'c:\Users\nhan\OneDrive\1141\mos-renode-master\vendor\Drivers\STM32F4xx_HAL_Driver\Src\stm32f4xx_hal_pwr.c': object (.o) file not exist
'c:\Users\nhan\OneDrive\1141\mos-renode-master\vendor\Drivers\STM32F4xx_HAL_Driver\Src\stm32f4xx_hal_pwr_ex.c': object (.o) file not exist
'c:\Users\nhan\OneDrive\1141\mos-renode-master\vendor\Drivers\STM32F4xx_HAL_Driver\Src\stm32f4xx_hal_qspi.c': object (.o) file not exist
'c:\Users\nhan\OneDrive\1141\mos-renode-master\vendor\Drivers\STM32F4xx_HAL_Driver\Src\stm32f4xx_hal_rcc.c': object (.o) file not exist
'c:\Users\nhan\OneDrive\1141\mos-renode-master\vendor\Drivers\STM32F4xx_HAL_Driver\Src\stm32f4xx_hal_rcc_ex.c': object (.o) file not exist
'c:\Users\nhan\OneDrive\1141\mos-renode-master\vendor\Drivers\STM32F4xx_HAL_Driver\Src\stm32f4xx_hal_rng.c': object (.o) file not exist
'c:\Users\nhan\OneDrive\1141\mos-renode-master\vendor\Drivers\STM32F4xx_HAL_Driver\Src\stm32f4xx_hal_rtc.c': object (.o) file not exist
'c:\Users\nhan\OneDrive\1141\mos-renode-master\vendor\Drivers\STM32F4xx_HAL_Driver\Src\stm32f4xx_hal_rtc_ex.c': object (.o) file not exist
'c:\Users\nhan\OneDrive\1141\mos-renode-master\vendor\Drivers\STM32F4xx_HAL_Driver\Src\stm32f4xx_hal_sai.c': object (.o) file not exist
'c:\Users\nhan\OneDrive\1141\mos-renode-master\vendor\Drivers\STM32F4xx_HAL_Driver\Src\stm32f4xx_hal_sai_ex.c': object (.o) file not exist
'c:\Users\nhan\OneDrive\1141\mos-renode-master\vendor\Drivers\STM32F4xx_HAL_Driver\Src\stm32f4xx_hal_sd.c': object (.o) file not exist
'c:\Users\nhan\OneDrive\1141\mos-renode-master\vendor\Drivers\STM32F4xx_HAL_Driver\Src\stm32f4xx_hal_sdram.c': object (.o) file not exist
'c:\Users\nhan\OneDrive\1141\mos-renode-master\vendor\Drivers\STM32F4xx_HAL_Driver\Src\stm32f4xx_hal_smartcard.c': object (.o) file not exist
'c:\Users\nhan\OneDrive\1141\mos-renode-master\vendor\Drivers\STM32F4xx_HAL_Driver\Src\stm32f4xx_hal_smbus.c': object (.o) file not exist
'c:\Users\nhan\OneDrive\1141\mos-renode-master\vendor\Drivers\STM32F4xx_HAL_Driver\Src\stm32f4xx_hal_spdifrx.c': object (.o) file not exist
'c:\Users\nhan\OneDrive\1141\mos-renode-master\vendor\Drivers\STM32F4xx_HAL_Driver\Src\stm32f4xx_hal_spi.c': object (.o) file not exist
'c:\Users\nhan\OneDrive\1141\mos-renode-master\vendor\Drivers\STM32F4xx_HAL_Driver\Src\stm32f4xx_hal_sram.c': object (.o) file not exist
'c:\Users\nhan\OneDrive\1141\mos-renode-master\vendor\Drivers\STM32F4xx_HAL_Driver\Src\stm32f4xx_hal_tim.c': object (.o) file not exist
'c:\Users\nhan\OneDrive\1141\mos-renode-master\vendor\Drivers\STM32F4xx_HAL_Driver\Src\stm32f4xx_hal_tim_ex.c': object (.o) file not exist
'c:\Users\nhan\OneDrive\1141\mos-renode-master\vendor\Drivers\STM32F4xx_HAL_Driver\Src\stm32f4xx_hal_uart.c': object (.o) file not exist
'c:\Users\nhan\OneDrive\1141\mos-renode-master\vendor\Drivers\STM32F4xx_HAL_Driver\Src\stm32f4xx_hal_usart.c': object (.o) file not exist
'c:\Users\nhan\OneDrive\1141\mos-renode-master\vendor\Drivers\STM32F4xx_HAL_Driver\Src\stm32f4xx_hal_wwdg.c': object (.o) file not exist
'c:\Users\nhan\OneDrive\1141\mos-renode-master\vendor\Drivers\STM32F4xx_HAL_Driver\Src\stm32f4xx_ll_adc.c': object (.o) file not exist
'c:\Users\nhan\OneDrive\1141\mos-renode-master\vendor\Drivers\STM32F4xx_HAL_Driver\Src\stm32f4xx_ll_crc.c': object (.o) file not exist
'c:\Users\nhan\OneDrive\1141\mos-renode-master\vendor\Drivers\STM32F4xx_HAL_Driver\Src\stm32f4xx_ll_dac.c': object (.o) file not exist
'c:\Users\nhan\OneDrive\1141\mos-renode-master\vendor\Drivers\STM32F4xx_HAL_Driver\Src\stm32f4xx_ll_dma.c': object (.o) file not exist
'c:\Users\nhan\OneDrive\1141\mos-renode-master\vendor\Drivers\STM32F4xx_HAL_Driver\Src\stm32f4xx_ll_dma2d.c': object (.o) file not exist
'c:\Users\nhan\OneDrive\1141\mos-renode-master\vendor\Drivers\STM32F4xx_HAL_Driver\Src\stm32f4xx_ll_exti.c': object (.o) file not exist
'c:\Users\nhan\OneDrive\1141\mos-renode-master\vendor\Drivers\STM32F4xx_HAL_Driver\Src\stm32f4xx_ll_fmc.c': object (.o) file not exist
'c:\Users\nhan\OneDrive\1141\mos-renode-master\vendor\Drivers\STM32F4xx_HAL_Driver\Src\stm32f4xx_ll_fmpi2c.c': object (.o) file not exist
'c:\Users\nhan\OneDrive\1141\mos-renode-master\vendor\Drivers\STM32F4xx_HAL_Driver\Src\stm32f4xx_ll_fsmc.c': object (.o) file not exist
'c:\Users\nhan\OneDrive\1141\mos-renode-master\vendor\Drivers\STM32F4xx_HAL_Driver\Src\stm32f4xx_ll_gpio.c': object (.o) file not exist
'c:\Users\nhan\OneDrive\1141\mos-renode-master\vendor\Drivers\STM32F4xx_HAL_Driver\Src\stm32f4xx_ll_i2c.c': object (.o) file not exist
'c:\Users\nhan\OneDrive\1141\mos-renode-master\vendor\Drivers\STM32F4xx_HAL_Driver\Src\stm32f4xx_ll_lptim.c': object (.o) file not exist
'c:\Users\nhan\OneDrive\1141\mos-renode-master\vendor\Drivers\STM32F4xx_HAL_Driver\Src\stm32f4xx_ll_pwr.c': object (.o) file not exist
'c:\Users\nhan\OneDrive\1141\mos-renode-master\vendor\Drivers\STM32F4xx_HAL_Driver\Src\stm32f4xx_ll_rcc.c': object (.o) file not exist
'c:\Users\nhan\OneDrive\1141\mos-renode-master\vendor\Drivers\STM32F4xx_HAL_Driver\Src\stm32f4xx_ll_rng.c': object (.o) file not exist
'c:\Users\nhan\OneDrive\1141\mos-renode-master\vendor\Drivers\STM32F4xx_HAL_Driver\Src\stm32f4xx_ll_rtc.c': object (.o) file not exist
'c:\Users\nhan\OneDrive\1141\mos-renode-master\vendor\Drivers\STM32F4xx_HAL_Driver\Src\stm32f4xx_ll_sdmmc.c': object (.o) file not exist
'c:\Users\nhan\OneDrive\1141\mos-renode-master\vendor\Drivers\STM32F4xx_HAL_Driver\Src\stm32f4xx_ll_spi.c': object (.o) file not exist
'c:\Users\nhan\OneDrive\1141\mos-renode-master\vendor\Drivers\STM32F4xx_HAL_Driver\Src\stm32f4xx_ll_tim.c': object (.o) file not exist
'c:\Users\nhan\OneDrive\1141\mos-renode-master\vendor\Drivers\STM32F4xx_HAL_Driver\Src\stm32f4xx_ll_usart.c': object (.o) file not exist
'c:\Users\nhan\OneDrive\1141\mos-renode-master\vendor\Drivers\STM32F4xx_HAL_Driver\Src\stm32f4xx_ll_usb.c': object (.o) file not exist
'c:\Users\nhan\OneDrive\1141\mos-renode-master\vendor\Drivers\STM32F4xx_HAL_Driver\Src\stm32f4xx_ll_utils.c': object (.o) file not exist
'c:\Users\nhan\OneDrive\1141\mos-renode-master\vendor\startup_stm32f407xx.s': object (.o) file not exist

[2025-12-27 14:07:54]	[done]
	build successfully !

[2025-12-27 14:11:58]	[done]
	build successfully !

[2025-12-27 14:18:59]	[info] incremental build: 1 source files changed
These source files will be recompiled
---
'c:\Users\nhan\OneDrive\1141\mos-renode-master\app\main.cpp': source file has been changed.

[2025-12-27 14:19:01]	[done]
	build successfully !

[2025-12-27 14:29:41]	[info] incremental build: 1 source files changed
These source files will be recompiled
---
'c:\Users\nhan\OneDrive\1141\mos-renode-master\app\main.cpp': source file has been changed.

[2025-12-27 14:29:44]	compilation failed at : "c:\Users\nhan\OneDrive\1141\mos-renode-master\app\main.cpp", exit code: 1
command: 
  "C:\Users\nhan\.eide\tools\gcc_arm\bin\arm-none-eabi-g++.exe" -c -std=c++17 -Ivendor -Ivendor/Drivers/STM32F4xx_HAL_Driver/Src -Ivendor/Drivers/STM32F4xx_HAL_Driver/Src/Legacy -Ivendor/Drivers/STM32F4xx_HAL_Driver/Inc -Ivendor/Drivers/STM32F4xx_HAL_Driver/Inc/Legacy -Ivendor/Drivers/CMSIS/Include -Ivendor/Drivers/CMSIS/Device/ST/STM32F4xx/Include -Ivendor/Core/Src -Ivendor/Core/Inc -Iapp -Icore -Icore/kernel -Icore/kernel/data_type -Icore/arch -D"STM32F407xx" -D"USE_FULL_LL_DRIVER" -D"USE_HAL_DRIVER" -mcpu=cortex-m4 -mfloat-abi=soft -mthumb -Og -Wall -g -ffunction-sections -fdata-sections -funsigned-char --specs=nosys.specs --specs=nano.specs -Wno-reorder -Wno-volatile -Wno-empty-body -std=gnu++2b -fno-exceptions -fno-rtti -o ./build/Debug/.obj/app/main.o -MMD ./app/main.cpp
   at unify_builder.Program.Main(String[] args_)
---
In file included from ./app/../core/kernel.hpp:22,
                 from ./app/main.cpp:3:
./app/../core/kernel/async.hpp: In function 'MOS::Kernel::Async::Future_t<> MOS::Kernel::Async::delay(Tick_t)':
./app/../core/kernel/async.hpp:381:9: warning: 'MOS::Kernel::Async::delay(Tick_t)::_ZN3MOS6Kernel5Async5delayEm.Frame' has a field 'MOS::Kernel::Async::CallbackAwaiter<void, MOS::Kernel::Async::delay(Tick_t)::<lambda(std::__n4861::coroutine_handle<void>)> > MOS::Kernel::Async::delay(Tick_t)::_ZN3MOS6Kernel5Async5delayEm.Frame::Aw0_2_3' whose type has internal linkage [-Wsubobject-linkage]
  381 |         }
      |         ^
./app/../core/kernel/async.hpp:381:9: warning: 'MOS::Kernel::Async::delay(Tick_t)::_ZN3MOS6Kernel5Async5delayEm.Frame' has a field 'MOS::Kernel::Async::delay(Tick_t)::<lambda(std::__n4861::coroutine_handle<void>)> MOS::Kernel::Async::delay(Tick_t)::_ZN3MOS6Kernel5Async5delayEm.Frame::T002_2_3' whose type has no linkage [-Wsubobject-linkage]
./app/main.cpp: In lambda function:
./app/main.cpp:221:28: error: void value not ignored as it ought to be
  221 |                 c = buf.pop(); // Lấy ký tự đầu tiên
      |                     ~~~~~~~^~
./app/main.cpp:208:14: warning: unused variable 'cmd_line' [-Wunused-variable]
  208 |         char cmd_line[16]; // Buffer tạm
      |              ^~~~~~~~

[2025-12-27 14:33:23]	[info] incremental build: 1 source files changed
These source files will be recompiled
---
'c:\Users\nhan\OneDrive\1141\mos-renode-master\app\main.cpp': source file has been changed.

[2025-12-27 14:33:25]	compilation failed at : "c:\Users\nhan\OneDrive\1141\mos-renode-master\app\main.cpp", exit code: 1
command: 
  "C:\Users\nhan\.eide\tools\gcc_arm\bin\arm-none-eabi-g++.exe" -c -std=c++17 -Ivendor -Ivendor/Drivers/STM32F4xx_HAL_Driver/Src -Ivendor/Drivers/STM32F4xx_HAL_Driver/Src/Legacy -Ivendor/Drivers/STM32F4xx_HAL_Driver/Inc -Ivendor/Drivers/STM32F4xx_HAL_Driver/Inc/Legacy -Ivendor/Drivers/CMSIS/Include -Ivendor/Drivers/CMSIS/Device/ST/STM32F4xx/Include -Ivendor/Core/Src -Ivendor/Core/Inc -Iapp -Icore -Icore/kernel -Icore/kernel/data_type -Icore/arch -D"STM32F407xx" -D"USE_FULL_LL_DRIVER" -D"USE_HAL_DRIVER" -mcpu=cortex-m4 -mfloat-abi=soft -mthumb -Og -Wall -g -ffunction-sections -fdata-sections -funsigned-char --specs=nosys.specs --specs=nano.specs -Wno-reorder -Wno-volatile -Wno-empty-body -std=gnu++2b -fno-exceptions -fno-rtti -o ./build/Debug/.obj/app/main.o -MMD ./app/main.cpp
   at unify_builder.Program.Main(String[] args_)
---
In file included from ./app/../core/kernel.hpp:22,
                 from ./app/main.cpp:3:
./app/../core/kernel/async.hpp: In function 'MOS::Kernel::Async::Future_t<> MOS::Kernel::Async::delay(Tick_t)':
./app/../core/kernel/async.hpp:381:9: warning: 'MOS::Kernel::Async::delay(Tick_t)::_ZN3MOS6Kernel5Async5delayEm.Frame' has a field 'MOS::Kernel::Async::CallbackAwaiter<void, MOS::Kernel::Async::delay(Tick_t)::<lambda(std::__n4861::coroutine_handle<void>)> > MOS::Kernel::Async::delay(Tick_t)::_ZN3MOS6Kernel5Async5delayEm.Frame::Aw0_2_3' whose type has internal linkage [-Wsubobject-linkage]
  381 |         }
      |         ^
./app/../core/kernel/async.hpp:381:9: warning: 'MOS::Kernel::Async::delay(Tick_t)::_ZN3MOS6Kernel5Async5delayEm.Frame' has a field 'MOS::Kernel::Async::delay(Tick_t)::<lambda(std::__n4861::coroutine_handle<void>)> MOS::Kernel::Async::delay(Tick_t)::_ZN3MOS6Kernel5Async5delayEm.Frame::T002_2_3' whose type has no linkage [-Wsubobject-linkage]
./app/main.cpp: In lambda function:
./app/main.cpp:211:25: error: 'struct MOS::DataType::SyncRxBuf_t<32>' has no member named 'front'
  211 |                 c = buf.front();
      |                         ^~~~~

[2025-12-27 14:36:25]	[info] incremental build: 1 source files changed
These source files will be recompiled
---
'c:\Users\nhan\OneDrive\1141\mos-renode-master\app\main.cpp': source file has been changed.

[2025-12-27 14:36:27]	compilation failed at : "c:\Users\nhan\OneDrive\1141\mos-renode-master\app\main.cpp", exit code: 1
command: 
  "C:\Users\nhan\.eide\tools\gcc_arm\bin\arm-none-eabi-g++.exe" -c -std=c++17 -Ivendor -Ivendor/Drivers/STM32F4xx_HAL_Driver/Src -Ivendor/Drivers/STM32F4xx_HAL_Driver/Src/Legacy -Ivendor/Drivers/STM32F4xx_HAL_Driver/Inc -Ivendor/Drivers/STM32F4xx_HAL_Driver/Inc/Legacy -Ivendor/Drivers/CMSIS/Include -Ivendor/Drivers/CMSIS/Device/ST/STM32F4xx/Include -Ivendor/Core/Src -Ivendor/Core/Inc -Iapp -Icore -Icore/kernel -Icore/kernel/data_type -Icore/arch -D"STM32F407xx" -D"USE_FULL_LL_DRIVER" -D"USE_HAL_DRIVER" -mcpu=cortex-m4 -mfloat-abi=soft -mthumb -Og -Wall -g -ffunction-sections -fdata-sections -funsigned-char --specs=nosys.specs --specs=nano.specs -Wno-reorder -Wno-volatile -Wno-empty-body -std=gnu++2b -fno-exceptions -fno-rtti -o ./build/Debug/.obj/app/main.o -MMD ./app/main.cpp
   at unify_builder.Program.Main(String[] args_)
---
In file included from ./app/../core/kernel.hpp:22,
                 from ./app/main.cpp:3:
./app/../core/kernel/async.hpp: In function 'MOS::Kernel::Async::Future_t<> MOS::Kernel::Async::delay(Tick_t)':
./app/../core/kernel/async.hpp:381:9: warning: 'MOS::Kernel::Async::delay(Tick_t)::_ZN3MOS6Kernel5Async5delayEm.Frame' has a field 'MOS::Kernel::Async::CallbackAwaiter<void, MOS::Kernel::Async::delay(Tick_t)::<lambda(std::__n4861::coroutine_handle<void>)> > MOS::Kernel::Async::delay(Tick_t)::_ZN3MOS6Kernel5Async5delayEm.Frame::Aw0_2_3' whose type has internal linkage [-Wsubobject-linkage]
  381 |         }
      |         ^
./app/../core/kernel/async.hpp:381:9: warning: 'MOS::Kernel::Async::delay(Tick_t)::_ZN3MOS6Kernel5Async5delayEm.Frame' has a field 'MOS::Kernel::Async::delay(Tick_t)::<lambda(std::__n4861::coroutine_handle<void>)> MOS::Kernel::Async::delay(Tick_t)::_ZN3MOS6Kernel5Async5delayEm.Frame::T002_2_3' whose type has no linkage [-Wsubobject-linkage]
./app/main.cpp: In lambda function:
./app/main.cpp:222:24: error: no match for 'operator[]' (operand types are 'MOS::DataType::SyncRxBuf_t<32>' and 'int')
  222 |                 c = buf[0];
      |                        ^

[2025-12-27 14:38:27]	[info] incremental build: 1 source files changed
These source files will be recompiled
---
'c:\Users\nhan\OneDrive\1141\mos-renode-master\app\main.cpp': source file has been changed.

[2025-12-27 14:38:29]	compilation failed at : "c:\Users\nhan\OneDrive\1141\mos-renode-master\app\main.cpp", exit code: 1
command: 
  "C:\Users\nhan\.eide\tools\gcc_arm\bin\arm-none-eabi-g++.exe" -c -std=c++17 -Ivendor -Ivendor/Drivers/STM32F4xx_HAL_Driver/Src -Ivendor/Drivers/STM32F4xx_HAL_Driver/Src/Legacy -Ivendor/Drivers/STM32F4xx_HAL_Driver/Inc -Ivendor/Drivers/STM32F4xx_HAL_Driver/Inc/Legacy -Ivendor/Drivers/CMSIS/Include -Ivendor/Drivers/CMSIS/Device/ST/STM32F4xx/Include -Ivendor/Core/Src -Ivendor/Core/Inc -Iapp -Icore -Icore/kernel -Icore/kernel/data_type -Icore/arch -D"STM32F407xx" -D"USE_FULL_LL_DRIVER" -D"USE_HAL_DRIVER" -mcpu=cortex-m4 -mfloat-abi=soft -mthumb -Og -Wall -g -ffunction-sections -fdata-sections -funsigned-char --specs=nosys.specs --specs=nano.specs -Wno-reorder -Wno-volatile -Wno-empty-body -std=gnu++2b -fno-exceptions -fno-rtti -o ./build/Debug/.obj/app/main.o -MMD ./app/main.cpp
   at unify_builder.Program.Main(String[] args_)
---
In file included from ./app/../core/kernel.hpp:22,
                 from ./app/main.cpp:3:
./app/../core/kernel/async.hpp: In function 'MOS::Kernel::Async::Future_t<> MOS::Kernel::Async::delay(Tick_t)':
./app/../core/kernel/async.hpp:381:9: warning: 'MOS::Kernel::Async::delay(Tick_t)::_ZN3MOS6Kernel5Async5delayEm.Frame' has a field 'MOS::Kernel::Async::CallbackAwaiter<void, MOS::Kernel::Async::delay(Tick_t)::<lambda(std::__n4861::coroutine_handle<void>)> > MOS::Kernel::Async::delay(Tick_t)::_ZN3MOS6Kernel5Async5delayEm.Frame::Aw0_2_3' whose type has internal linkage [-Wsubobject-linkage]
  381 |         }
      |         ^
./app/../core/kernel/async.hpp:381:9: warning: 'MOS::Kernel::Async::delay(Tick_t)::_ZN3MOS6Kernel5Async5delayEm.Frame' has a field 'MOS::Kernel::Async::delay(Tick_t)::<lambda(std::__n4861::coroutine_handle<void>)> MOS::Kernel::Async::delay(Tick_t)::_ZN3MOS6Kernel5Async5delayEm.Frame::T002_2_3' whose type has no linkage [-Wsubobject-linkage]
./app/main.cpp: In lambda function:
./app/main.cpp:222:25: error: 'struct MOS::DataType::SyncRxBuf_t<32>' has no member named 'peek'
  222 |                 c = buf.peek();
      |                         ^~~~

[2025-12-27 14:41:16]	[info] incremental build: 1 source files changed
These source files will be recompiled
---
'c:\Users\nhan\OneDrive\1141\mos-renode-master\app\main.cpp': source file has been changed.

[2025-12-27 14:41:18]	compilation failed at : "c:\Users\nhan\OneDrive\1141\mos-renode-master\app\main.cpp", exit code: 1
command: 
  "C:\Users\nhan\.eide\tools\gcc_arm\bin\arm-none-eabi-g++.exe" -c -std=c++17 -Ivendor -Ivendor/Drivers/STM32F4xx_HAL_Driver/Src -Ivendor/Drivers/STM32F4xx_HAL_Driver/Src/Legacy -Ivendor/Drivers/STM32F4xx_HAL_Driver/Inc -Ivendor/Drivers/STM32F4xx_HAL_Driver/Inc/Legacy -Ivendor/Drivers/CMSIS/Include -Ivendor/Drivers/CMSIS/Device/ST/STM32F4xx/Include -Ivendor/Core/Src -Ivendor/Core/Inc -Iapp -Icore -Icore/kernel -Icore/kernel/data_type -Icore/arch -D"STM32F407xx" -D"USE_FULL_LL_DRIVER" -D"USE_HAL_DRIVER" -mcpu=cortex-m4 -mfloat-abi=soft -mthumb -Og -Wall -g -ffunction-sections -fdata-sections -funsigned-char --specs=nosys.specs --specs=nano.specs -Wno-reorder -Wno-volatile -Wno-empty-body -std=gnu++2b -fno-exceptions -fno-rtti -o ./build/Debug/.obj/app/main.o -MMD ./app/main.cpp
   at unify_builder.Program.Main(String[] args_)
---
In file included from ./app/../core/kernel.hpp:22,
                 from ./app/main.cpp:3:
./app/../core/kernel/async.hpp: In function 'MOS::Kernel::Async::Future_t<> MOS::Kernel::Async::delay(Tick_t)':
./app/../core/kernel/async.hpp:381:9: warning: 'MOS::Kernel::Async::delay(Tick_t)::_ZN3MOS6Kernel5Async5delayEm.Frame' has a field 'MOS::Kernel::Async::CallbackAwaiter<void, MOS::Kernel::Async::delay(Tick_t)::<lambda(std::__n4861::coroutine_handle<void>)> > MOS::Kernel::Async::delay(Tick_t)::_ZN3MOS6Kernel5Async5delayEm.Frame::Aw0_2_3' whose type has internal linkage [-Wsubobject-linkage]
  381 |         }
      |         ^
./app/../core/kernel/async.hpp:381:9: warning: 'MOS::Kernel::Async::delay(Tick_t)::_ZN3MOS6Kernel5Async5delayEm.Frame' has a field 'MOS::Kernel::Async::delay(Tick_t)::<lambda(std::__n4861::coroutine_handle<void>)> MOS::Kernel::Async::delay(Tick_t)::_ZN3MOS6Kernel5Async5delayEm.Frame::T002_2_3' whose type has no linkage [-Wsubobject-linkage]
./app/main.cpp: In lambda function:
./app/main.cpp:222:24: error: no match for 'operator[]' (operand types are 'MOS::DataType::SyncRxBuf_t<32>' and 'int')
  222 |                 c = buf[0];
      |                        ^

[2025-12-27 14:42:38]	[info] incremental build: 1 source files changed
These source files will be recompiled
---
'c:\Users\nhan\OneDrive\1141\mos-renode-master\app\main.cpp': source file has been changed.

[2025-12-27 14:42:39]	[done]
	build successfully !

[2025-12-27 14:44:27]	[info] incremental build: 1 source files changed
These source files will be recompiled
---
'c:\Users\nhan\OneDrive\1141\mos-renode-master\app\main.cpp': source file has been changed.

[2025-12-27 14:44:31]	[done]
	build successfully !

[2025-12-27 15:20:52]	[info] incremental build: 1 source files changed
These source files will be recompiled
---
'c:\Users\nhan\OneDrive\1141\mos-renode-master\app\main.cpp': source file has been changed.

[2025-12-27 15:21:04]	[done]
	build successfully !

[2025-12-27 15:23:43]	[done]
	build successfully !

[2025-12-27 15:30:30]	[info] incremental build: 1 source files changed
These source files will be recompiled
---
'c:\Users\nhan\OneDrive\1141\mos-renode-master\app\main.cpp': source file has been changed.

[2025-12-27 15:30:33]	[done]
	build successfully !

[2025-12-28 14:33:01]	[info] incremental build: 1 source files changed
These source files will be recompiled
---
'c:\Users\nhan\OneDrive\1141\mos-renode-master\app\main.cpp': source file has been changed.

[2025-12-28 14:33:12]	[done]
	build successfully !

[2025-12-28 14:40:21]	[info] incremental build: 1 source files changed
These source files will be recompiled
---
'c:\Users\nhan\OneDrive\1141\mos-renode-master\app\main.cpp': source file has been changed.

[2025-12-28 14:40:23]	[done]
	build successfully !

[2025-12-28 14:41:41]	[info] incremental build: 1 source files changed
These source files will be recompiled
---
'c:\Users\nhan\OneDrive\1141\mos-renode-master\app\main.cpp': source file has been changed.

[2025-12-28 14:41:42]	[done]
	build successfully !

[2025-12-28 14:42:24]	[info] incremental build: 1 source files changed
These source files will be recompiled
---
'c:\Users\nhan\OneDrive\1141\mos-renode-master\app\main.cpp': source file has been changed.

[2025-12-28 14:42:25]	[done]
	build successfully !

[2025-12-28 14:45:15]	[done]
	build successfully !

[2025-12-28 14:46:51]	[done]
	build successfully !

[2025-12-28 14:48:59]	[done]
	build successfully !

[2025-12-28 14:51:24]	[info] incremental build: 1 source files changed
These source files will be recompiled
---
'c:\Users\nhan\OneDrive\1141\mos-renode-master\app\main.cpp': source file has been changed.

[2025-12-28 14:51:26]	[done]
	build successfully !

[2025-12-28 14:52:06]	[info] incremental build: 1 source files changed
These source files will be recompiled
---
'c:\Users\nhan\OneDrive\1141\mos-renode-master\app\main.cpp': source file has been changed.

[2025-12-28 14:52:08]	[done]
	build successfully !

[2025-12-28 14:53:49]	[info] incremental build: 1 source files changed
These source files will be recompiled
---
'c:\Users\nhan\OneDrive\1141\mos-renode-master\app\main.cpp': source file has been changed.

[2025-12-28 14:53:51]	[done]
	build successfully !

[2025-12-28 14:53:59]	[done]
	build successfully !

[2025-12-28 14:57:36]	[done]
	build successfully !

[2025-12-28 14:59:14]	[done]
	build successfully !

[2025-12-28 15:14:17]	[info] incremental build: 1 source files changed
These source files will be recompiled
---
'c:\Users\nhan\OneDrive\1141\mos-renode-master\app\main.cpp': source file has been changed.

[2025-12-28 15:14:18]	[done]
	build successfully !

[2025-12-28 15:28:49]	[info] incremental build: 1 source files changed
These source files will be recompiled
---
'c:\Users\nhan\OneDrive\1141\mos-renode-master\app\main.cpp': source file has been changed.

[2025-12-28 15:28:50]	[done]
	build successfully !

[2025-12-28 15:30:31]	[done]
	build successfully !

[2025-12-28 15:35:22]	[done]
	build successfully !

